// Jest Snapshot v1, https://goo.gl/fbAQLP

exports[`Pruebas en <HookApp /> se debe mostrar correctamente el componente 1`] = `
<div>
  <h1>
    Hook App
  </h1>
</div>
`;
