// Jest Snapshot v1, https://goo.gl/fbAQLP

exports[`Pruebas en <MultipleCustomHook /> debe de mostrarse correctamente 1`] = `
<div
  className="container"
>
  <h1>
    BreakingBad Quotes
  </h1>
  <hr />
  <div
    className="alert alert-warning text-center"
  >
    Loading
  </div>
  <button
    className="btn btn-primary"
    onClick={[Function]}
  >
    Siguiente Frase
  </button>
</div>
`;
